// Vitest Snapshot v1

exports[`Alert > should render correctly 1`] = `
"<div class=\\"alert alert-success alert--small\\">
  <div class=\\"icon\\"><span class=\\"material-icons-outlined\\" style=\\"font-size: 24px; font-weight: regular; color: currentColor;\\">CheckCircleIcon</span></div>
  <div class=\\"texts\\">
    <div class=\\"texts__title\\">Alert Title</div>
    <div class=\\"texts__description\\">Alert Description</div>
  </div>
  <div class=\\"close\\"><button type=\\"button\\" class=\\"button button--primary button--small close__button\\"><span class=\\"material-icons-solid button__icon button__icon--left\\" style=\\"font-size: 24px; font-weight: regular;\\"></span>Close2</button></div>
</div>"
`;
